
> pulseport@2.0.0 build
> vite build

[36mvite v6.4.2 [32mbuilding for production...[36m[39m
transforming...
[32m✓[39m 3470 modules transformed.
[33mCircular chunk: vendor-common -> vendor-react -> vendor-common. Please adjust the manual chunk logic for these chunks.[39m
rendering chunks...
computing gzip size...
[2mdist/[22m[32mindex.html                                  [39m[1m[2m  1.37 kB[22m[1m[22m[2m │ gzip:   0.50 kB[22m
[2mdist/[22m[35massets/index-BhOFG1o4.css                   [39m[1m[2m259.58 kB[22m[1m[22m[2m │ gzip:  42.65 kB[22m
[2mdist/[22m[36massets/tab-walletstab-XZYfDIHP.js           [39m[1m[2m  2.31 kB[22m[1m[22m[2m │ gzip:   0.84 kB[22m
[2mdist/[22m[36massets/tab-hometab-cNtjZiZT.js              [39m[1m[2m 12.84 kB[22m[1m[22m[2m │ gzip:   4.10 kB[22m
[2mdist/[22m[36massets/tab-historytab-BxDUqFF9.js           [39m[1m[2m 13.23 kB[22m[1m[22m[2m │ gzip:   4.05 kB[22m
[2mdist/[22m[36massets/page-walletholdingspage-r6EzsktJ.js  [39m[1m[2m 18.07 kB[22m[1m[22m[2m │ gzip:   5.24 kB[22m
[2mdist/[22m[36massets/page-myinvestmentspage-CWZ1UTEe.js   [39m[1m[2m 21.02 kB[22m[1m[22m[2m │ gzip:   5.28 kB[22m
[2mdist/[22m[36massets/page-walletanalyzer-D-DWqnHp.js      [39m[1m[2m 25.07 kB[22m[1m[22m[2m │ gzip:   6.67 kB[22m
[2mdist/[22m[36massets/tab-assetstab-B-2sMgbk.js            [39m[1m[2m 43.27 kB[22m[1m[22m[2m │ gzip:  11.51 kB[22m
[2mdist/[22m[36massets/tab-overviewtab--M3A8H-Z.js          [39m[1m[2m 53.73 kB[22m[1m[22m[2m │ gzip:  11.83 kB[22m
[2mdist/[22m[36massets/tab-stakestab-GVuTHG6S.js            [39m[1m[2m 79.87 kB[22m[1m[22m[2m │ gzip:  24.24 kB[22m
[2mdist/[22m[36massets/vendor-ui-DnSl45sN.js                [39m[1m[2m127.89 kB[22m[1m[22m[2m │ gzip:  42.02 kB[22m
[2mdist/[22m[36massets/index-0PDnHdxR.js                    [39m[1m[2m154.93 kB[22m[1m[22m[2m │ gzip:  42.16 kB[22m
[2mdist/[22m[36massets/vendor-web3-DSdO72xc.js              [39m[1m[2m169.18 kB[22m[1m[22m[2m │ gzip:  50.02 kB[22m
[2mdist/[22m[36massets/vendor-react-CNYwrvXQ.js             [39m[1m[2m218.55 kB[22m[1m[22m[2m │ gzip:  66.48 kB[22m
[2mdist/[22m[36massets/vendor-common-C9eiUO-P.js            [39m[1m[2m528.22 kB[22m[1m[22m[2m │ gzip: 158.08 kB[22m
[32m✓ built in 16.22s[39m
