
> pulseport@2.0.0 test
> vitest run


 RUN  v4.1.5 C:/Users/areje/OneDrive/Apper/Claude code/pulseport-community/.worktrees/audit-fixes


 Test Files  16 passed (16)
      Tests  151 passed (151)
   Start at  01:33:15
   Duration  11.24s (transform 3.59s, setup 5.69s, import 20.59s, tests 4.51s, environment 28.29s)

